09:58:07.486  === start: backend=NS dev=false identifier=dev.knobas.desktop pid=5886 ===
09:58:07.487  set_application("dev.knobas.desktop") -> Ok(())
09:58:15.490  step 1: showing (with_action=false) — knobas prototype 1/3
09:58:15.491  step 1: shown, waiting on the handle
09:58:15.615  step 1: wait_for_action returned "__closed" after 0.1s
09:58:18.633  step 2: showing (with_action=true) — knobas prototype 2/3
09:58:18.633  step 2: shown, waiting on the handle
09:58:52.093  step 2: wait_for_action returned "default" after 33.5s
09:58:55.102  step 3: showing (with_action=true) — knobas prototype 3/3
09:58:55.102  step 3: shown, waiting on the handle
10:03:54.590  step 3: wait_for_action returned "__closed" after 299.5s
10:03:54.697  === done ===
=== RUN 2 (NS, body click on 2/3) ===
10:04:05.299  === start: backend=NS dev=false identifier=dev.knobas.desktop pid=7339 ===
10:04:05.300  set_application("dev.knobas.desktop") -> Ok(())
10:04:13.301  step 1: showing (with_action=false) — knobas prototype 1/3
10:04:13.302  step 1: shown, waiting on the handle
10:04:13.422  step 1: wait_for_action returned "__closed" after 0.1s
10:04:16.437  step 2: showing (with_action=true) — knobas prototype 2/3
10:04:16.438  step 2: shown, waiting on the handle
10:05:04.097  step 2: wait_for_action returned "default" after 47.7s
10:05:07.118  step 3: showing (with_action=true) — knobas prototype 3/3
10:05:07.119  step 3: shown, waiting on the handle
10:05:19.625  step 3: wait_for_action returned "__closed" after 12.5s
10:05:19.730  === done ===
=== RUN 3 (UN backend, preview-macos-un) ===
10:05:26.807  === start: backend=UN (preview-macos-un) dev=false identifier=dev.knobas.desktop pid=7620 ===
10:05:26.808  set_application("dev.knobas.desktop") -> Ok(())
10:05:34.812  step 1: showing (with_action=false) — knobas prototype 1/3
10:05:34.828  step 1: shown, waiting on the handle
10:05:43.351  step 1: wait_for_action returned "default" after 8.5s
10:05:44.332  === start: backend=UN (preview-macos-un) dev=false identifier=dev.knobas.desktop pid=7703 ===
10:05:44.334  set_application("dev.knobas.desktop") -> Ok(())
10:05:46.355  step 2: showing (with_action=true) — knobas prototype 2/3
10:05:46.360  step 2: shown, waiting on the handle
10:05:52.338  step 1: showing (with_action=false) — knobas prototype 1/3
10:05:52.348  step 1: shown, waiting on the handle
10:05:56.419  step 1: wait_for_action returned "__closed" after 4.1s
10:05:59.426  step 2: showing (with_action=true) — knobas prototype 2/3
10:05:59.429  step 2: shown, waiting on the handle
=== RUN 4 (UN backend, launched from the LS-registered target/ bundle) ===
10:06:29.104  === start: backend=UN (preview-macos-un) dev=false identifier=dev.knobas.desktop pid=7913 ===
10:06:29.105  set_application("dev.knobas.desktop") -> Ok(())
10:06:37.110  step 1: showing (with_action=false) — knobas prototype 1/3
10:06:37.121  step 1: shown, waiting on the handle
10:08:06.727  step 1: wait_for_action returned "default" after 89.6s
10:08:09.765  step 2: showing (with_action=true) — knobas prototype 2/3
10:08:09.770  step 2: shown, waiting on the handle
10:08:11.901  step 2: wait_for_action returned "default" after 2.1s
10:08:14.910  step 3: showing (with_action=true) — knobas prototype 3/3
10:08:14.914  step 3: shown, waiting on the handle
10:09:14.170  step 3: wait_for_action returned "__closed" after 59.3s
10:09:14.174  === done ===
=== RUN 5 (NS backend, tauri dev, faked com.apple.Terminal) ===
10:10:00.170  === start: backend=NS dev=true identifier=dev.knobas.desktop pid=8639 ===
10:10:00.171  set_application("com.apple.Terminal") -> Ok(())
10:10:08.176  step 1: showing (with_action=false) — knobas prototype 1/3
10:10:08.177  step 1: shown, waiting on the handle
10:10:08.298  step 1: wait_for_action returned "__closed" after 0.1s
10:10:11.314  step 2: showing (with_action=true) — knobas prototype 2/3
10:10:11.314  step 2: shown, waiting on the handle
10:10:17.388  step 2: wait_for_action returned "default" after 6.1s
10:10:20.402  step 3: showing (with_action=true) — knobas prototype 3/3
10:10:20.402  step 3: shown, waiting on the handle
